// Vitest Snapshot v1, https://vitest.dev/guide/snapshot.html

exports[`App > should render App 1`] = `
<div>
  <div>
    <a
      href="https://vitejs.dev"
      rel="noreferrer"
      target="_blank"
    >
      <img
        alt="Vite logo"
        class="logo"
        src="/vite.svg"
      />
    </a>
    <a
      href="https://preactjs.com"
      rel="noreferrer"
      target="_blank"
    >
      <img
        alt="Preact logo"
        class="logo preact"
        src="/src/assets/preact.svg"
      />
    </a>
  </div>
  <h1>
    Vite + Preact
  </h1>
  <div
    class="card"
  >
    <button>
      count is 
      0
    </button>
    <p>
      Edit 
      <code>
        src/app.tsx
      </code>
       and save to test HMR
    </p>
  </div>
  <p
    class="read-the-docs"
  >
    Click on the Vite and Preact logos to learn more
  </p>
</div>
`;
